---
source: crates/core/src/commands/check.rs
expression: "(res, res_1h, res_1d, res_1w, res_1m, res_1y, res2)"
---
((284, 366), (284, 366), (285, 366), (291, 366), (315, 366), (283, 365), (32, 366))
