---
source: crates/core/src/commands/check.rs
expression: "(res, res_1h, res_1d, res_1w, res_1m, res_1y, res2)"
---
((5, 31), (5, 31), (6, 31), (12, 31), (15, 30), (4, 31), (3, 29))
