---
source: crates/core/src/commands/check.rs
expression: "(res, res_1h, res_1d, res_1w, res_1m, res_1y, res2)"
---
((9, 12), (9, 12), (9, 12), (9, 12), (10, 12), (9, 12), (1, 12))
