---
source: crates/core/src/commands/check.rs
expression: "(res, res_1h, res_1d, res_1w, res_1m, res_1y, res2)"
---
((4, 7), (4, 7), (5, 7), (4, 7), (0, 7), (3, 7), (4, 7))
