---
source: crates/core/src/commands/check.rs
expression: "(res, res_1h, res_1d, res_1w, res_1m, res_1y, res2)"
---
((4, 5), (4, 5), (4, 5), (4, 5), (0, 5), (4, 5), (1, 5))
