---
source: crates/core/src/commands/forget.rs
expression: result
---
[
  ForgetSnapshot(
    snapshot: "[snapshot]",
    keep: true,
    reasons: [
      "within hourly",
    ],
  ),
  ForgetSnapshot(
    snapshot: "[snapshot]",
    keep: true,
    reasons: [
      "within hourly",
    ],
  ),
  ForgetSnapshot(
    snapshot: "[snapshot]",
    keep: false,
    reasons: [],
  ),
  ForgetSnapshot(
    snapshot: "[snapshot]",
    keep: true,
    reasons: [
      "within hourly",
    ],
  ),
  ForgetSnapshot(
    snapshot: "[snapshot]",
    keep: true,
    reasons: [
      "within hourly",
    ],
  ),
  ForgetSnapshot(
    snapshot: "[snapshot]",
    keep: true,
    reasons: [
      "within hourly",
    ],
  ),
  ForgetSnapshot(
    snapshot: "[snapshot]",
    keep: true,
    reasons: [
      "within hourly",
    ],
  ),
  ForgetSnapshot(
    snapshot: "[snapshot]",
    keep: true,
    reasons: [
      "within hourly",
    ],
  ),
  ForgetSnapshot(
    snapshot: "[snapshot]",
    keep: true,
    reasons: [
      "within hourly",
    ],
  ),
  ForgetSnapshot(
    snapshot: "[snapshot]",
    keep: true,
    reasons: [
      "within hourly",
    ],
  ),
  ForgetSnapshot(
    snapshot: "[snapshot]",
    keep: false,
    reasons: [],
  ),
  ForgetSnapshot(
    snapshot: "[snapshot]",
    keep: false,
    reasons: [],
  ),
  ForgetSnapshot(
    snapshot: "[snapshot]",
    keep: false,
    reasons: [],
  ),
  ForgetSnapshot(
    snapshot: "[snapshot]",
    keep: true,
    reasons: [
      "within hourly",
    ],
  ),
  ForgetSnapshot(
    snapshot: "[snapshot]",
    keep: true,
    reasons: [
      "within hourly",
    ],
  ),
  ForgetSnapshot(
    snapshot: "[snapshot]",
    keep: true,
    reasons: [
      "within hourly",
    ],
  ),
  ForgetSnapshot(
    snapshot: "[snapshot]",
    keep: true,
    reasons: [
      "within hourly",
    ],
  ),
  ForgetSnapshot(
    snapshot: "[snapshot]",
    keep: true,
    reasons: [
      "within hourly",
    ],
  ),
  ForgetSnapshot(
    snapshot: "[snapshot]",
    keep: false,
    reasons: [],
  ),
  ForgetSnapshot(
    snapshot: "[snapshot]",
    keep: true,
    reasons: [
      "within hourly",
    ],
  ),
  ForgetSnapshot(
    snapshot: "[snapshot]",
    keep: true,
    reasons: [
      "within hourly",
    ],
  ),
  ForgetSnapshot(
    snapshot: "[snapshot]",
    keep: true,
    reasons: [
      "within hourly",
    ],
  ),
  ForgetSnapshot(
    snapshot: "[snapshot]",
    keep: true,
    reasons: [
      "within hourly",
    ],
  ),
  ForgetSnapshot(
    snapshot: "[snapshot]",
    keep: true,
    reasons: [
      "within hourly",
    ],
  ),
  ForgetSnapshot(
    snapshot: "[snapshot]",
    keep: true,
    reasons: [
      "within hourly",
    ],
  ),
  ForgetSnapshot(
    snapshot: "[snapshot]",
    keep: true,
    reasons: [
      "within hourly",
    ],
  ),
  ForgetSnapshot(
    snapshot: "[snapshot]",
    keep: true,
    reasons: [
      "within hourly",
    ],
  ),
  ForgetSnapshot(
    snapshot: "[snapshot]",
    keep: true,
    reasons: [
      "within hourly",
    ],
  ),
  ForgetSnapshot(
    snapshot: "[snapshot]",
    keep: true,
    reasons: [
      "within hourly",
    ],
  ),
  ForgetSnapshot(
    snapshot: "[snapshot]",
    keep: false,
    reasons: [],
  ),
  ForgetSnapshot(
    snapshot: "[snapshot]",
    keep: false,
    reasons: [],
  ),
  ForgetSnapshot(
    snapshot: "[snapshot]",
    keep: false,
    reasons: [],
  ),
  ForgetSnapshot(
    snapshot: "[snapshot]",
    keep: true,
    reasons: [
      "within hourly",
    ],
  ),
  ForgetSnapshot(
    snapshot: "[snapshot]",
    keep: true,
    reasons: [
      "within hourly",
    ],
  ),
  ForgetSnapshot(
    snapshot: "[snapshot]",
    keep: true,
    reasons: [
      "within hourly",
    ],
  ),
  ForgetSnapshot(
    snapshot: "[snapshot]",
    keep: true,
    reasons: [
      "within hourly",
    ],
  ),
  ForgetSnapshot(
    snapshot: "[snapshot]",
    keep: true,
    reasons: [
      "within hourly",
    ],
  ),
  ForgetSnapshot(
    snapshot: "[snapshot]",
    keep: true,
    reasons: [
      "within hourly",
    ],
  ),
  ForgetSnapshot(
    snapshot: "[snapshot]",
    keep: true,
    reasons: [
      "within hourly",
    ],
  ),
  ForgetSnapshot(
    snapshot: "[snapshot]",
    keep: true,
    reasons: [
      "within hourly",
    ],
  ),
  ForgetSnapshot(
    snapshot: "[snapshot]",
    keep: true,
    reasons: [
      "within hourly",
    ],
  ),
  ForgetSnapshot(
    snapshot: "[snapshot]",
    keep: true,
    reasons: [
      "within hourly",
    ],
  ),
  ForgetSnapshot(
    snapshot: "[snapshot]",
    keep: true,
    reasons: [
      "within hourly",
    ],
  ),
  ForgetSnapshot(
    snapshot: "[snapshot]",
    keep: true,
    reasons: [
      "within hourly",
    ],
  ),
  ForgetSnapshot(
    snapshot: "[snapshot]",
    keep: true,
    reasons: [
      "within hourly",
    ],
  ),
  ForgetSnapshot(
    snapshot: "[snapshot]",
    keep: true,
    reasons: [
      "within hourly",
    ],
  ),
  ForgetSnapshot(
    snapshot: "[snapshot]",
    keep: true,
    reasons: [
      "within hourly",
    ],
  ),
  ForgetSnapshot(
    snapshot: "[snapshot]",
    keep: true,
    reasons: [
      "within hourly",
    ],
  ),
  ForgetSnapshot(
    snapshot: "[snapshot]",
    keep: true,
    reasons: [
      "within hourly",
    ],
  ),
  ForgetSnapshot(
    snapshot: "[snapshot]",
    keep: true,
    reasons: [
      "within hourly",
    ],
  ),
  ForgetSnapshot(
    snapshot: "[snapshot]",
    keep: true,
    reasons: [
      "within hourly",
    ],
  ),
  ForgetSnapshot(
    snapshot: "[snapshot]",
    keep: true,
    reasons: [
      "within hourly",
    ],
  ),
  ForgetSnapshot(
    snapshot: "[snapshot]",
    keep: true,
    reasons: [
      "within hourly",
    ],
  ),
  ForgetSnapshot(
    snapshot: "[snapshot]",
    keep: true,
    reasons: [
      "within hourly",
    ],
  ),
  ForgetSnapshot(
    snapshot: "[snapshot]",
    keep: true,
    reasons: [
      "within hourly",
    ],
  ),
  ForgetSnapshot(
    snapshot: "[snapshot]",
    keep: true,
    reasons: [
      "within hourly",
    ],
  ),
  ForgetSnapshot(
    snapshot: "[snapshot]",
    keep: true,
    reasons: [
      "within hourly",
    ],
  ),
  ForgetSnapshot(
    snapshot: "[snapshot]",
    keep: true,
    reasons: [
      "within hourly",
    ],
  ),
  ForgetSnapshot(
    snapshot: "[snapshot]",
    keep: true,
    reasons: [
      "within hourly",
    ],
  ),
  ForgetSnapshot(
    snapshot: "[snapshot]",
    keep: true,
    reasons: [
      "within hourly",
    ],
  ),
  ForgetSnapshot(
    snapshot: "[snapshot]",
    keep: true,
    reasons: [
      "within hourly",
    ],
  ),
  ForgetSnapshot(
    snapshot: "[snapshot]",
    keep: true,
    reasons: [
      "within hourly",
    ],
  ),
  ForgetSnapshot(
    snapshot: "[snapshot]",
    keep: true,
    reasons: [
      "within hourly",
    ],
  ),
  ForgetSnapshot(
    snapshot: "[snapshot]",
    keep: true,
    reasons: [
      "within hourly",
    ],
  ),
  ForgetSnapshot(
    snapshot: "[snapshot]",
    keep: true,
    reasons: [
      "within hourly",
    ],
  ),
  ForgetSnapshot(
    snapshot: "[snapshot]",
    keep: false,
    reasons: [],
  ),
  ForgetSnapshot(
    snapshot: "[snapshot]",
    keep: false,
    reasons: [],
  ),
  ForgetSnapshot(
    snapshot: "[snapshot]",
    keep: false,
    reasons: [],
  ),
  ForgetSnapshot(
    snapshot: "[snapshot]",
    keep: false,
    reasons: [],
  ),
  ForgetSnapshot(
    snapshot: "[snapshot]",
    keep: false,
    reasons: [],
  ),
  ForgetSnapshot(
    snapshot: "[snapshot]",
    keep: false,
    reasons: [],
  ),
  ForgetSnapshot(
    snapshot: "[snapshot]",
    keep: false,
    reasons: [],
  ),
  ForgetSnapshot(
    snapshot: "[snapshot]",
    keep: false,
    reasons: [],
  ),
  ForgetSnapshot(
    snapshot: "[snapshot]",
    keep: false,
    reasons: [],
  ),
  ForgetSnapshot(
    snapshot: "[snapshot]",
    keep: false,
    reasons: [],
  ),
  ForgetSnapshot(
    snapshot: "[snapshot]",
    keep: false,
    reasons: [],
  ),
  ForgetSnapshot(
    snapshot: "[snapshot]",
    keep: false,
    reasons: [],
  ),
  ForgetSnapshot(
    snapshot: "[snapshot]",
    keep: false,
    reasons: [],
  ),
  ForgetSnapshot(
    snapshot: "[snapshot]",
    keep: false,
    reasons: [],
  ),
  ForgetSnapshot(
    snapshot: "[snapshot]",
    keep: false,
    reasons: [],
  ),
  ForgetSnapshot(
    snapshot: "[snapshot]",
    keep: false,
    reasons: [],
  ),
  ForgetSnapshot(
    snapshot: "[snapshot]",
    keep: false,
    reasons: [],
  ),
  ForgetSnapshot(
    snapshot: "[snapshot]",
    keep: false,
    reasons: [],
  ),
  ForgetSnapshot(
    snapshot: "[snapshot]",
    keep: false,
    reasons: [],
  ),
  ForgetSnapshot(
    snapshot: "[snapshot]",
    keep: false,
    reasons: [],
  ),
  ForgetSnapshot(
    snapshot: "[snapshot]",
    keep: false,
    reasons: [],
  ),
  ForgetSnapshot(
    snapshot: "[snapshot]",
    keep: false,
    reasons: [],
  ),
  ForgetSnapshot(
    snapshot: "[snapshot]",
    keep: false,
    reasons: [],
  ),
  ForgetSnapshot(
    snapshot: "[snapshot]",
    keep: false,
    reasons: [],
  ),
  ForgetSnapshot(
    snapshot: "[snapshot]",
    keep: false,
    reasons: [],
  ),
  ForgetSnapshot(
    snapshot: "[snapshot]",
    keep: false,
    reasons: [],
  ),
  ForgetSnapshot(
    snapshot: "[snapshot]",
    keep: false,
    reasons: [],
  ),
  ForgetSnapshot(
    snapshot: "[snapshot]",
    keep: false,
    reasons: [],
  ),
  ForgetSnapshot(
    snapshot: "[snapshot]",
    keep: false,
    reasons: [],
  ),
  ForgetSnapshot(
    snapshot: "[snapshot]",
    keep: false,
    reasons: [],
  ),
  ForgetSnapshot(
    snapshot: "[snapshot]",
    keep: false,
    reasons: [],
  ),
  ForgetSnapshot(
    snapshot: "[snapshot]",
    keep: false,
    reasons: [],
  ),
  ForgetSnapshot(
    snapshot: "[snapshot]",
    keep: false,
    reasons: [],
  ),
]
