---
source: crates/core/src/commands/check.rs
expression: "(res, res_1h, res_1d, res_1w, res_1m, res_1y, res2)"
---
((0, 4), (0, 4), (0, 4), (1, 4), (1, 4), (0, 4), (0, 4))
