---
source: crates/core/src/commands/forget.rs
expression: result
---
[
  ForgetSnapshot(
    snapshot: "[snapshot]",
    keep: true,
    reasons: [
      "within",
      "within hourly",
      "within daily",
      "within weekly",
      "within monthly",
      "within yearly",
    ],
  ),
  ForgetSnapshot(
    snapshot: "[snapshot]",
    keep: true,
    reasons: [
      "within daily",
      "within weekly",
    ],
  ),
  ForgetSnapshot(
    snapshot: "[snapshot]",
    keep: false,
    reasons: [],
  ),
  ForgetSnapshot(
    snapshot: "[snapshot]",
    keep: true,
    reasons: [
      "within weekly",
    ],
  ),
  ForgetSnapshot(
    snapshot: "[snapshot]",
    keep: false,
    reasons: [],
  ),
  ForgetSnapshot(
    snapshot: "[snapshot]",
    keep: false,
    reasons: [],
  ),
  ForgetSnapshot(
    snapshot: "[snapshot]",
    keep: false,
    reasons: [],
  ),
  ForgetSnapshot(
    snapshot: "[snapshot]",
    keep: false,
    reasons: [],
  ),
  ForgetSnapshot(
    snapshot: "[snapshot]",
    keep: false,
    reasons: [],
  ),
  ForgetSnapshot(
    snapshot: "[snapshot]",
    keep: false,
    reasons: [],
  ),
  ForgetSnapshot(
    snapshot: "[snapshot]",
    keep: false,
    reasons: [],
  ),
  ForgetSnapshot(
    snapshot: "[snapshot]",
    keep: false,
    reasons: [],
  ),
  ForgetSnapshot(
    snapshot: "[snapshot]",
    keep: false,
    reasons: [],
  ),
  ForgetSnapshot(
    snapshot: "[snapshot]",
    keep: false,
    reasons: [],
  ),
  ForgetSnapshot(
    snapshot: "[snapshot]",
    keep: false,
    reasons: [],
  ),
  ForgetSnapshot(
    snapshot: "[snapshot]",
    keep: true,
    reasons: [
      "within weekly",
    ],
  ),
  ForgetSnapshot(
    snapshot: "[snapshot]",
    keep: false,
    reasons: [],
  ),
  ForgetSnapshot(
    snapshot: "[snapshot]",
    keep: false,
    reasons: [],
  ),
  ForgetSnapshot(
    snapshot: "[snapshot]",
    keep: false,
    reasons: [],
  ),
  ForgetSnapshot(
    snapshot: "[snapshot]",
    keep: true,
    reasons: [
      "within monthly",
      "within yearly",
    ],
  ),
  ForgetSnapshot(
    snapshot: "[snapshot]",
    keep: false,
    reasons: [],
  ),
  ForgetSnapshot(
    snapshot: "[snapshot]",
    keep: false,
    reasons: [],
  ),
  ForgetSnapshot(
    snapshot: "[snapshot]",
    keep: false,
    reasons: [],
  ),
  ForgetSnapshot(
    snapshot: "[snapshot]",
    keep: false,
    reasons: [],
  ),
  ForgetSnapshot(
    snapshot: "[snapshot]",
    keep: false,
    reasons: [],
  ),
  ForgetSnapshot(
    snapshot: "[snapshot]",
    keep: false,
    reasons: [],
  ),
  ForgetSnapshot(
    snapshot: "[snapshot]",
    keep: false,
    reasons: [],
  ),
  ForgetSnapshot(
    snapshot: "[snapshot]",
    keep: false,
    reasons: [],
  ),
  ForgetSnapshot(
    snapshot: "[snapshot]",
    keep: true,
    reasons: [
      "within monthly",
    ],
  ),
  ForgetSnapshot(
    snapshot: "[snapshot]",
    keep: false,
    reasons: [],
  ),
  ForgetSnapshot(
    snapshot: "[snapshot]",
    keep: false,
    reasons: [],
  ),
  ForgetSnapshot(
    snapshot: "[snapshot]",
    keep: false,
    reasons: [],
  ),
  ForgetSnapshot(
    snapshot: "[snapshot]",
    keep: false,
    reasons: [],
  ),
  ForgetSnapshot(
    snapshot: "[snapshot]",
    keep: false,
    reasons: [],
  ),
  ForgetSnapshot(
    snapshot: "[snapshot]",
    keep: false,
    reasons: [],
  ),
  ForgetSnapshot(
    snapshot: "[snapshot]",
    keep: false,
    reasons: [],
  ),
  ForgetSnapshot(
    snapshot: "[snapshot]",
    keep: false,
    reasons: [],
  ),
  ForgetSnapshot(
    snapshot: "[snapshot]",
    keep: false,
    reasons: [],
  ),
  ForgetSnapshot(
    snapshot: "[snapshot]",
    keep: false,
    reasons: [],
  ),
  ForgetSnapshot(
    snapshot: "[snapshot]",
    keep: false,
    reasons: [],
  ),
  ForgetSnapshot(
    snapshot: "[snapshot]",
    keep: false,
    reasons: [],
  ),
  ForgetSnapshot(
    snapshot: "[snapshot]",
    keep: true,
    reasons: [
      "within monthly",
    ],
  ),
  ForgetSnapshot(
    snapshot: "[snapshot]",
    keep: false,
    reasons: [],
  ),
  ForgetSnapshot(
    snapshot: "[snapshot]",
    keep: false,
    reasons: [],
  ),
  ForgetSnapshot(
    snapshot: "[snapshot]",
    keep: false,
    reasons: [],
  ),
  ForgetSnapshot(
    snapshot: "[snapshot]",
    keep: false,
    reasons: [],
  ),
  ForgetSnapshot(
    snapshot: "[snapshot]",
    keep: false,
    reasons: [],
  ),
  ForgetSnapshot(
    snapshot: "[snapshot]",
    keep: false,
    reasons: [],
  ),
  ForgetSnapshot(
    snapshot: "[snapshot]",
    keep: false,
    reasons: [],
  ),
  ForgetSnapshot(
    snapshot: "[snapshot]",
    keep: false,
    reasons: [],
  ),
  ForgetSnapshot(
    snapshot: "[snapshot]",
    keep: false,
    reasons: [],
  ),
  ForgetSnapshot(
    snapshot: "[snapshot]",
    keep: true,
    reasons: [
      "within monthly",
    ],
  ),
  ForgetSnapshot(
    snapshot: "[snapshot]",
    keep: false,
    reasons: [],
  ),
  ForgetSnapshot(
    snapshot: "[snapshot]",
    keep: false,
    reasons: [],
  ),
  ForgetSnapshot(
    snapshot: "[snapshot]",
    keep: false,
    reasons: [],
  ),
  ForgetSnapshot(
    snapshot: "[snapshot]",
    keep: false,
    reasons: [],
  ),
  ForgetSnapshot(
    snapshot: "[snapshot]",
    keep: false,
    reasons: [],
  ),
  ForgetSnapshot(
    snapshot: "[snapshot]",
    keep: false,
    reasons: [],
  ),
  ForgetSnapshot(
    snapshot: "[snapshot]",
    keep: false,
    reasons: [],
  ),
  ForgetSnapshot(
    snapshot: "[snapshot]",
    keep: false,
    reasons: [],
  ),
  ForgetSnapshot(
    snapshot: "[snapshot]",
    keep: true,
    reasons: [
      "within yearly",
    ],
  ),
  ForgetSnapshot(
    snapshot: "[snapshot]",
    keep: false,
    reasons: [],
  ),
  ForgetSnapshot(
    snapshot: "[snapshot]",
    keep: false,
    reasons: [],
  ),
  ForgetSnapshot(
    snapshot: "[snapshot]",
    keep: false,
    reasons: [],
  ),
  ForgetSnapshot(
    snapshot: "[snapshot]",
    keep: false,
    reasons: [],
  ),
  ForgetSnapshot(
    snapshot: "[snapshot]",
    keep: false,
    reasons: [],
  ),
  ForgetSnapshot(
    snapshot: "[snapshot]",
    keep: false,
    reasons: [],
  ),
  ForgetSnapshot(
    snapshot: "[snapshot]",
    keep: false,
    reasons: [],
  ),
  ForgetSnapshot(
    snapshot: "[snapshot]",
    keep: false,
    reasons: [],
  ),
  ForgetSnapshot(
    snapshot: "[snapshot]",
    keep: false,
    reasons: [],
  ),
  ForgetSnapshot(
    snapshot: "[snapshot]",
    keep: false,
    reasons: [],
  ),
  ForgetSnapshot(
    snapshot: "[snapshot]",
    keep: false,
    reasons: [],
  ),
  ForgetSnapshot(
    snapshot: "[snapshot]",
    keep: false,
    reasons: [],
  ),
  ForgetSnapshot(
    snapshot: "[snapshot]",
    keep: false,
    reasons: [],
  ),
  ForgetSnapshot(
    snapshot: "[snapshot]",
    keep: false,
    reasons: [],
  ),
  ForgetSnapshot(
    snapshot: "[snapshot]",
    keep: false,
    reasons: [],
  ),
  ForgetSnapshot(
    snapshot: "[snapshot]",
    keep: false,
    reasons: [],
  ),
  ForgetSnapshot(
    snapshot: "[snapshot]",
    keep: false,
    reasons: [],
  ),
  ForgetSnapshot(
    snapshot: "[snapshot]",
    keep: false,
    reasons: [],
  ),
  ForgetSnapshot(
    snapshot: "[snapshot]",
    keep: false,
    reasons: [],
  ),
  ForgetSnapshot(
    snapshot: "[snapshot]",
    keep: false,
    reasons: [],
  ),
  ForgetSnapshot(
    snapshot: "[snapshot]",
    keep: false,
    reasons: [],
  ),
  ForgetSnapshot(
    snapshot: "[snapshot]",
    keep: false,
    reasons: [],
  ),
  ForgetSnapshot(
    snapshot: "[snapshot]",
    keep: false,
    reasons: [],
  ),
  ForgetSnapshot(
    snapshot: "[snapshot]",
    keep: false,
    reasons: [],
  ),
  ForgetSnapshot(
    snapshot: "[snapshot]",
    keep: false,
    reasons: [],
  ),
  ForgetSnapshot(
    snapshot: "[snapshot]",
    keep: false,
    reasons: [],
  ),
  ForgetSnapshot(
    snapshot: "[snapshot]",
    keep: false,
    reasons: [],
  ),
  ForgetSnapshot(
    snapshot: "[snapshot]",
    keep: false,
    reasons: [],
  ),
  ForgetSnapshot(
    snapshot: "[snapshot]",
    keep: false,
    reasons: [],
  ),
  ForgetSnapshot(
    snapshot: "[snapshot]",
    keep: false,
    reasons: [],
  ),
  ForgetSnapshot(
    snapshot: "[snapshot]",
    keep: false,
    reasons: [],
  ),
  ForgetSnapshot(
    snapshot: "[snapshot]",
    keep: false,
    reasons: [],
  ),
  ForgetSnapshot(
    snapshot: "[snapshot]",
    keep: false,
    reasons: [],
  ),
  ForgetSnapshot(
    snapshot: "[snapshot]",
    keep: false,
    reasons: [],
  ),
  ForgetSnapshot(
    snapshot: "[snapshot]",
    keep: false,
    reasons: [],
  ),
  ForgetSnapshot(
    snapshot: "[snapshot]",
    keep: false,
    reasons: [],
  ),
  ForgetSnapshot(
    snapshot: "[snapshot]",
    keep: true,
    reasons: [
      "within yearly",
    ],
  ),
]
