---
source: crates/core/tests/integration.rs
expression: TestSummary(&second_snapshot)
---
TestSummary(SnapshotFile(
  time: "[time]",
  program_version: "[version]",
  parent: Some(Id("7b7085ce125bcbbda8bcfcc1c8f7aa7b82a4e7f240efd5feaade6416dcb31c7e")),
  tree: "[tree_id]",
  paths: StringList([
    "test",
  ]),
  hostname: "",
  username: "",
  uid: 0,
  gid: 0,
  tags: "[tags]",
  summary: Some(SnapshotSummary(
    files_new: 0,
    files_changed: 0,
    files_unmodified: 73,
    total_files_processed: 73,
    total_bytes_processed: 1125674,
    dirs_new: 0,
    dirs_changed: 0,
    dirs_unmodified: 6,
    total_dirs_processed: 6,
    total_dirsize_processed: 18471,
    data_blobs: 0,
    tree_blobs: 0,
    data_added: 0,
    data_added_packed: 0,
    data_added_files: 0,
    data_added_files_packed: 0,
    data_added_trees: 0,
    data_added_trees_packed: 0,
    command: "",
    backup_start: "[backup_start]",
    backup_end: "[backup_end]",
    backup_duration: "[backup_duration]",
    total_duration: "[total_duration]",
  )),
  id: "[id]",
))
