---
source: crates/core/tests/integration.rs
expression: snap
---
FindMatches(
  paths: [],
  nodes: [],
  matches: [
    [],
  ],
)
