---
source: crates/core/tests/integration.rs
expression: snap
---
[
  Some(0),
]
