---
source: crates/core/tests/integration.rs
expression: snap
---
FindNode(
  nodes: [],
  matches: [
    None,
  ],
)
