---
source: crates/core/src/chunker/rabin.rs
expression: chunks
---
[
  (849138, Id("cc6e28740254311145d07d374153b80967594471c5f84a32e55101d404877733")),
  (3400295, Id("fe11521fda1dd7cedccd70aa63dedb4f3e403df689675a01090c6f89729e8d81")),
  (696162, Id("2acf89a22eec4c78956a986e43d5c0a5a9a251faea0e970920ed4fb8d8eb55b4")),
  (572781, Id("a2031c528b828c87f7c4555127b01e72d7272de9758ff87f5c2ef36fcea36d31")),
  (1130212, Id("1f1af73e3025d8310bb7f5e743032fd7b80352d918c1a407a3971d1714a7e6bc")),
  (878812, Id("3a763ed3ea881d9a55f1b34c87f49e74a89e03ffe32d4269629d3291a0656184")),
  (1329543, Id("538294400c2c42e478f5d9b12b175d925bac93a8af707cba2841d75e6bca9449")),
  (776749, Id("c8924f66430597edb2ce63226936e8bf4a4899c9a34fe531add93fecacaea69f")),
  (1442260, Id("074bc7a49517016ab82e72d9a97f03ab068d747e0c789d48c1a7b16137637ee3")),
  (1114190, Id("670d672f02634dd1e081fad12d5f626811767d79615602bf4ea3e1685620f054")),
  (866219, Id("2771cbfbd7b9aafc42268b42f676cb73d72b1389417a8fd2e6d07fb12e0c8dae")),
  (1366251, Id("ce410725064d13a46ad9b7bb7e334beb58cb6058769a844c1b55e73a95e81ed7")),
  (779036, Id("df6d433ea40d69157572dca65c40da3c65ac0b0de2f6e65bc144ad695495884d")),
  (1132888, Id("976970254546211a0294877d488ed695eae55f6dadb83058eb739a9b6f2402cb")),
  (1318220, Id("60fb13ace728a55d1e84f9bfd1e5994207a5c8c63357ddbcdd2548794a10260c")),
  (614940, Id("8fdacd109efc1dbf18a498fe28713fd338ae7bd551152de4915ae3a31966fd52")),
  (1259423, Id("e8078cc71abb963e1150bc2ed1a51976eb91758760f7ff07c334fb401341fb9f")),
  (1446827, Id("edba90c716617b07e6519bd8a10307f5d4c38927ece4a41d6bf1161cbfc8efa6")),
  (2887476, Id("072251a4d416aefee7b2d5956f68d3cb9cd40af197f200678037795303b7d1bf")),
  (1740569, Id("ae924786d0ea8ab443c3e66cf8b89b7a59ba2d62136cc84759b74a08b094ad1c")),
  (1313703, Id("00266471c92f483b041118ae212f712feb1027c9aed6d25b17315cd1222eb4cf")),
  (924445, Id("6374010346fc2de53860c14f1be215942ee4966215cc366c83c5f8f7d4805cb6")),
  (654785, Id("06491ea1581ff44fb1f1ddf25e81977ffd49261f265eaead2c116f6b6de86a75")),
  (877426, Id("4f144b1fabd4939766d03979a91feaf7f5980bf9df303f6a000d50c9909282e0")),
  (1012165, Id("f08d3907ab9c71f020cc190b79e776db07d1dcb1599be2b0db2bd7458618e69b")),
  (1129074, Id("a038fee065c41d94e6078b25aef034530e034ad0cfce2cc83ea44f10176b1d58")),
  (937699, Id("4d0a61afc1b7fa35ea6e497e5b57facadff18c3afc88c564be0721a393fffb95")),
  (748040, Id("de1b721c2c11a971f1c01e5bda47af99a2c2f4790165fbfd362242c43b36602f")),
  (355104, Id("558260efe0eae3e049bf439045f73fd91e15808567c051aea2571ade2a902473")),
]
