---
source: crates/core/src/chunker/fixed_size.rs
expression: chunks
---
[
  (1048576, Id("edde0629189f5682f9f0c320318e536a30891cd55e12a2507cc11fa0c9aae0a2")),
  (1048576, Id("55430b3d2960f60336ea9b42cd00e31497fa20d797aee9610b2a8df0b8903537")),
  (1048576, Id("95723a06d809591d21fdd4926e8eb9c4c5ce66031595f27776e73d96c582c9a3")),
  (1048576, Id("6a116f1fe2d131fcf329846881d1505425b39b4ec3fee012f990eaf161bc4d63")),
  (1048576, Id("d0b9ce455df46f7bcd0561e9e6a97e82fa753508b440a86e8c6262023875041f")),
  (1048576, Id("abf6108e84951cbbe4ccb25247af536622d29599ed6cb84eff454da1fc5aee00")),
  (1048576, Id("74f0c45d568ca47275ca9b01ce7b5657d6ef53698cce0836e401012bad157315")),
  (1048576, Id("62685b5db94229efe7aa533025dad9cc5a0721ac6453b863d67ddd488f3e36aa")),
  (1048576, Id("e7bcb1d9452f29b54ea75da82824711fc44ee162886d34329d4ed00f40f4d2a9")),
  (1048576, Id("059730989bc9b1a0e30a1f055c4503794933f3d2086dc215e41dbe4e9f135be5")),
  (1048576, Id("7e2f20f4f43ee8ca44a610a0ac489e2ecbb7d5c4369f87115060a1d1bdf9a160")),
  (1048576, Id("2574b7b56ddda8b3dfa1a53d971bf182ed62d62f4697d853ba94735871b06168")),
  (1048576, Id("11de38819350185c6c3c001393da5fa4dc2dcd5cc8a3d48cd993995df0e43397")),
  (1048576, Id("c0223cf4afde5346d64bf3d1e954fed24a57db161359a7a35ac1ad2cb0b1b141")),
  (1048576, Id("71543b40052ebc6ae7c63e559799c248f78fef71b515fb0820456ffb167b9132")),
  (1048576, Id("8cb18dbdbdada9ddc5180266e91a3a289c1c68dc8bf19bc6dd321ecea14b3f26")),
  (1048576, Id("a2c004688b026c70e30763eb683f2643eaa79ab528f56434be5b61dc8f132887")),
  (1048576, Id("acfe8a27d47c051622e3f4e47fdd4c6f9d11a02462f9b5b9301e68276b8b1614")),
  (1048576, Id("71936eab0103916f7f9ed7ff0c6e2253dcd4f7e0b59d126e69cbefb295c9cd25")),
  (1048576, Id("ff9fc8ffecf7c497da30f2300369c5739f47a15869d261d3107c2dfa34d73c76")),
  (1048576, Id("7fa47bb1731bc1f35e170cf18217329fa7c96b33ffcad4671e1b546f53783f4c")),
  (1048576, Id("82e2477f0e75129f74dcafcfa3b51e6c3b86e5c8790af52c090c75e32e0dd69f")),
  (1048576, Id("26947381e67abb5da2ccb691eac4b8b1511a0b9d03d6d744831bb8426b686487")),
  (1048576, Id("6466c01ae8c15bb62cc90c2419681ffd3e032b6866915d03f38f852ac777f4a2")),
  (1048576, Id("57e715852646ef414ee91eeb0c9d805c81e7cc50aae426bc125f5eba8b6e0c27")),
  (1048576, Id("85e03f0040567a4749960f7c50301a2e07150cdcfc6b01095325fe31764bed2b")),
  (1048576, Id("7f98b9889cd375f120cb70e96ba2d78ac94c350e94a61284e0c23213731b14f3")),
  (1048576, Id("211682df2c183f9b9a6a7fb3c14547b84402632822fb48e737fc7dcb783882fe")),
  (1048576, Id("7e35e2222be5d721ebb0fe1a648718b22b4e25ae35d1e85823f7aac68118c5ba")),
  (1048576, Id("eacc1d9b5fca60d1201c9ddcefadde6cf962c74e6d85c00d79485b1dc825a964")),
  (1048576, Id("2878fa450f0e5b4a3fe952b66183213d85975b7ecad8b2a14c8cc26554423f0e")),
  (1048576, Id("ad9ed85a037d48f10b665d9f47e669e0c5a060c06b24782d5e44e3324e37be37")),
]
