---
source: crates/core/tests/integration/check.rs
expression: check_results
---
CheckResults(
    [],
)
